LINE ADDR CONTENTS SOURCE LINE
  1.              	.equ keyboard_status, $000
  2.              	.equ keyboard_data, $001
  3.              
  4.  000 000FFF  poll_keybd:	INB keyboard_status
  5.  001 042000  	JGE poll_keybd
  6.  002 010001  	INB keyboard_data
  7.  003 000000  	STA $D00
  8.              	;need to check whether the d00 location is "get pwned" here
  9.              	;if it does equal then jmp to erase
 10.  004 044001  	NOP
 11.  005 110001  	JMP poll_keybd
 12.              	
 13.              
 14.              
 15.              erase:	.equ @, $000
 16.  000 000FFF  	LDA# $FFF
 17.  001 042000  	STA $000
 18.  002 010001  	LDX# $001
 19.  003 000000  	LDA# $000
 20.  004 044001  	STA+ $001
 21.  005 110001  	ADX# $001
 22.  006 212000  	CMX $000
 23.  007 482008  	JEQ end
 24.              
 25.              
 26.  008 FFFFFF  end:	hlt

                     SYMBOL TABLE CONTENTS

000008 = END             000006 = ERASE           000001 = KEYBOARD_DATA   
000000 = KEYBOARD_STATUS 000000 = POLL_KEYBD      