LINE ADDR CONTENTS SOURCE LINE
  1.              	.equ @, $000	
  2.              	.equ keyboard_status, $000
  3.              	.equ keyboard_data, $001
  4.              
  5.              
  6.              
  7.  000 000FFF  	LDX# $001
  8.              
  9.  001 042000  poll_keybd:	INB keyboard_status
 10.  002 010001  	JGE poll_keybd
 11.  003 000000  	INB keyboard_data
 12.  004 044001  	STA+ $D00
 13.  005 110001  	CMX# $009
 14.  006 212000  	JGE verify
 15.  007 482008  	ADX# $001
 16.  008 FFFFFF  	JMP poll_keybd
 17.              	
 18.              verify:
 19.              
 20.              erase:	.equ @, $000
 21.  000 000FFF  	LDA# $FFF
 22.  001 042000  	STA $000
 23.  002 010001  	LDX# $001
 24.  003 000000  	LDA# $000
 25.  004 044001  	STA+ $001
 26.  005 110001  	ADX# $001
 27.  006 212000  	CMX $000
 28.  007 482008  	JEQ end
 29.              
 30.              
 31.  008 FFFFFF  end:	hlt

                     SYMBOL TABLE CONTENTS

000008 = END             000009 = ERASE           000001 = KEYBOARD_DATA   
000000 = KEYBOARD_STATUS 000001 = POLL_KEYBD      000009 = VERIFY          
